// Jest Snapshot v1, https://goo.gl/fbAQLP

exports[`Calculator Rendering Should render correctly 1`] = `"wrapper"`;
