// Jest Snapshot v1, https://goo.gl/fbAQLP

exports[`Display Should Render Correctly 1`] = `
<div
  className="display-container"
>
  <p
    className="display-value"
  >
    Testing123
  </p>
</div>
`;
